Removed Pin From Net: NetName=FAN Pin=u2-1
Removed Pin From Net: NetName=TFB Pin=u2-2
Removed Pin From Net: NetName=VFB Pin=u2-3
Removed Pin From Net: NetName=+5 Pin=u2-4
Removed Pin From Net: NetName=GND Pin=u2-5
Removed Pin From Net: NetName=+12 Pin=u2-6
Removed Pin From Net: NetName=2HO Pin=u2-8
Removed Pin From Net: NetName=2LO Pin=u2-10
Removed Pin From Net: NetName=1HO Pin=u2-12
Removed Pin From Net: NetName=VS1 Pin=u2-13
Removed Pin From Net: NetName=GND Pin=u2-14
Removed Pin From Net: NetName=1LO Pin=u2-15
Removed Pin From Net: NetName=GND Pin=u2-16
Removed Pin From Net: NetName=IFB Pin=u2-17
Added Pin To Net: NetName=IFB Pin=u2-1
Added Pin To Net: NetName=GND Pin=u2-2
Added Pin To Net: NetName=1LO Pin=u2-3
Added Pin To Net: NetName=GND Pin=u2-4
Added Pin To Net: NetName=VS1 Pin=u2-5
Added Pin To Net: NetName=1HO Pin=u2-6
Added Pin To Net: NetName=2LO Pin=u2-8
Added Pin To Net: NetName=2HO Pin=u2-10
Added Pin To Net: NetName=+12 Pin=u2-12
Added Pin To Net: NetName=GND Pin=u2-13
Added Pin To Net: NetName=+5 Pin=u2-14
Added Pin To Net: NetName=VFB Pin=u2-15
Added Pin To Net: NetName=TFB Pin=u2-16
Added Pin To Net: NetName=FAN Pin=u2-17
Added Room: Name=inverter
