Add Component: Footprint Not Found 2pos
Added Component: Designator=R10(RES_TH 3W)
Add Pin To Net: Unknown Pin: Pin Con2-1
Add Pin To Net: Unknown Pin: Pin Con2-2
Added Pin To Net: NetName=GND Pin=R10-1
Added Pin To Net: NetName=VFB Pin=R10-2
Add Pin To Net: Unknown Pin: Pin u2-1
Add Pin To Net: Unknown Pin: Pin u2-2
Add Pin To Net: Unknown Pin: Pin u2-3
Add Pin To Net: Unknown Pin: Pin u2-4
Add Pin To Net: Unknown Pin: Pin u2-5
Add Pin To Net: Unknown Pin: Pin u2-6
Add Pin To Net: Unknown Pin: Pin u2-7
Add Pin To Net: Unknown Pin: Pin u2-8
Add Pin To Net: Unknown Pin: Pin u2-9
Add Pin To Net: Unknown Pin: Pin u2-10
Add Pin To Net: Unknown Pin: Pin u2-11
Add Pin To Net: Unknown Pin: Pin u2-12
Add Pin To Net: Unknown Pin: Pin u2-13
Add Pin To Net: Unknown Pin: Pin u2-14
Add Pin To Net: Unknown Pin: Pin u2-15
Add Pin To Net: Unknown Pin: Pin u2-16
Add Pin To Net: Unknown Pin: Pin u2-17
Add Class Member: Failed to add class member : Component Con2 2pos
Added Member To Class: ClassName=inverter Member=Component R10 RES-0.5W-10K
Added Room: Name=inverter
