Added Component: Designator=C1(CAP LS-1.5mm D4 H5)
Add component (AddParameter): Name = "LCSC Part #"; Value = "C43351"; VariantName = "[No Variations]"
Add component (AddParameter): Name = "Unit Price"; Value = "0.0057"; VariantName = "[No Variations]"
Add Component: Footprint Not Found CAP LS-1.5mm D4 H5
Added Component: Designator=C4(CAP LS-1.5mm D4 H5)
Add component (AddParameter): Name = "LCSC Part #"; Value = "C43351"; VariantName = "[No Variations]"
Add component (AddParameter): Name = "Unit Price"; Value = "0.0057"; VariantName = "[No Variations]"
Added Pin To Net: NetName=+12 Pin=C1-1
Added Pin To Net: NetName=GND Pin=C1-2
Add Pin To Net: Unknown Pin: Pin C2-1
Add Pin To Net: Unknown Pin: Pin C2-2
Added Pin To Net: NetName=+5 Pin=C4-1
Added Pin To Net: NetName=GND Pin=C4-2
Added Member To Class: ClassName=DC_power Member=Component C1 100UF25V
Add Class Member: Failed to add class member : Component C2 470UF25V
Added Member To Class: ClassName=DC_power Member=Component C4 100UF25V
Added Member To Class: ClassName=300W Converter_main_HV Member=Component R1 RES-0.5W-27R
Added Member To Class: ClassName=300W Converter_main_HV Member=Component R6 RES-0.5W-27R
Added Room: Name=300W Converter_main_HV
Added Room: Name=DC_power
