Change Footprint: Footprint Not Found Res_TH 3W
Change Footprint: Footprint Not Found Res_TH 3W
Add Component: Footprint Not Found CAP LS-1.5mm D4 H5
Add Component: Footprint Not Found CAP LS-1.5mm D4 H5
Add Component: Footprint Not Found CAP LS-1.5mm D4 H5
Add Component: Footprint Not Found 2pos
Add Component: Footprint Not Found 2pos
Add Component: Footprint Not Found 2pos
Add Component: Footprint Not Found 2pos
Add Component: Footprint Not Found Res_TH 3W
Add Component: Footprint Not Found Res_TH 3W
Add Component: Footprint Not Found Res_TH 3W
Add Pin To Net: Unknown Pin: Pin C1-1
Add Pin To Net: Unknown Pin: Pin C1-2
Add Pin To Net: Unknown Pin: Pin C2-1
Add Pin To Net: Unknown Pin: Pin C2-2
Add Pin To Net: Unknown Pin: Pin C4-1
Add Pin To Net: Unknown Pin: Pin C4-2
Add Pin To Net: Unknown Pin: Pin Con1-1
Add Pin To Net: Unknown Pin: Pin Con1-2
Add Pin To Net: Unknown Pin: Pin Con2-1
Add Pin To Net: Unknown Pin: Pin Con2-2
Add Pin To Net: Unknown Pin: Pin Con3-1
Add Pin To Net: Unknown Pin: Pin Con3-2
Add Pin To Net: Unknown Pin: Pin Con5-1
Add Pin To Net: Unknown Pin: Pin Con5-2
Add Pin To Net: Unknown Pin: Pin R1-1
Add Pin To Net: Unknown Pin: Pin R1-2
Add Pin To Net: Unknown Pin: Pin R14-1
Add Pin To Net: Unknown Pin: Pin R14-2
Add Pin To Net: Unknown Pin: Pin R16-1
Add Pin To Net: Unknown Pin: Pin R16-2
Add Class Member: Failed to add class member : Component C1 100UF25V
Add Class Member: Failed to add class member : Component C2 470UF25V
Add Class Member: Failed to add class member : Component C4 100UF25V
Add Class Member: Failed to add class member : Component Con1 2pos
Add Class Member: Failed to add class member : Component Con2 2pos
Add Class Member: Failed to add class member : Component Con3 2pos
Add Class Member: Failed to add class member : Component Con5 2pos
Added Member To Class: ClassName=300W Converter_main_HV Member=Component D7 FR307
Added Member To Class: ClassName=300W Converter_main_HV Member=Component D9 FR307
Added Member To Class: ClassName=300W Converter_main_HV Member=Component D11 FR107
Added Member To Class: ClassName=300W Converter_main_HV Member=Component D12 FR107
Added Member To Class: ClassName=300W Converter_main_HV Member=Component Q3 IRF3205
Added Member To Class: ClassName=300W Converter_main_HV Member=Component Q4 IRF3205
Add Class Member: Failed to add class member : Component R1 RES-0.5W-27R
Added Member To Class: ClassName=300W Converter_main_HV Member=Component R4 10K
Added Member To Class: ClassName=300W Converter_main_HV Member=Component R7 470K
Added Member To Class: ClassName=300W Converter_main_HV Member=Component R10 10K
Added Member To Class: ClassName=300W Converter_main_HV Member=Component R12 2.2K
Add Class Member: Failed to add class member : Component R14 RES-2W-1R
Add Class Member: Failed to add class member : Component R16 RES-2W-1R
Added Member To Class: ClassName=300W Converter_main_HV Member=Component R17 0R
