Removed Pin From Net: NetName=NetC8_2 Pin=R6-1
Removed Pin From Net: NetName=VBATT Pin=R6-2
Change Component Footprint: Designator=R6 Old Footprint=RES-TH-7mm New Footprint=RES-TH 1W
Add Component: Footprint Not Found CAP LS-1.5mm D4 H5
Add Component: Footprint Not Found CAP LS-1.5mm D4 H5
Add Component: Footprint Not Found CAP LS-1.5mm D4 H5
Added Component: Designator=R1(RES-TH 1W)
Added Component: Designator=R19(RES-TH 1W)
Add Pin To Net: Unknown Pin: Pin C1-1
Add Pin To Net: Unknown Pin: Pin C1-2
Add Pin To Net: Unknown Pin: Pin C2-1
Add Pin To Net: Unknown Pin: Pin C2-2
Add Pin To Net: Unknown Pin: Pin C4-1
Add Pin To Net: Unknown Pin: Pin C4-2
Added Pin To Net: NetName=VBATT Pin=R6-1
Added Pin To Net: NetName=NetC7_1 Pin=R6-2
Added Pin To Net: NetName=NetC8_2 Pin=R19-1
Added Pin To Net: NetName=VBATT Pin=R19-2
Add Class Member: Failed to add class member : Component C1 100UF25V
Add Class Member: Failed to add class member : Component C2 470UF25V
Add Class Member: Failed to add class member : Component C4 100UF25V
Added Member To Class: ClassName=300W Converter_main_HV Member=Component R1 RES-0.5W-27R
Added Member To Class: ClassName=300W Converter_main_HV Member=Component R19 RES-0.5W-27R
Added Room: Name=300W Converter_main_HV
Added Room: Name=DC_power
