Change Footprint: Footprint Not Found Res_TH 3W
Add Component: Footprint Not Found CAP LS-1.5mm D4 H5
Add Component: Footprint Not Found CAP LS-1.5mm D4 H5
Add Component: Footprint Not Found CAP LS-1.5mm D4 H5
Added Component: Designator=Con1(2POS)
Added Component: Designator=Con2(2POS)
Added Component: Designator=Con3(2POS)
Added Component: Designator=Con5(2POS - 3)
Add Component: Footprint Not Found Res_TH 3W
Add Pin To Net: Unknown Pin: Pin C1-1
Add Pin To Net: Unknown Pin: Pin C1-2
Add Pin To Net: Unknown Pin: Pin C2-1
Add Pin To Net: Unknown Pin: Pin C2-2
Add Pin To Net: Unknown Pin: Pin C4-1
Add Pin To Net: Unknown Pin: Pin C4-2
Added Pin To Net: NetName=GND Pin=Con1-1
Added Pin To Net: NetName=+12 Pin=Con1-2
Added Pin To Net: NetName=+18VAC Pin=Con2-1
Added Pin To Net: NetName=-18VAC Pin=Con2-2
Added Pin To Net: NetName=+5 Pin=Con3-1
Added Pin To Net: NetName=GND Pin=Con3-2
Added Pin To Net: NetName=GND Pin=Con5-1
Added Pin To Net: NetName=VBATT Pin=Con5-2
Add Pin To Net: Unknown Pin: Pin R1-1
Add Pin To Net: Unknown Pin: Pin R1-2
Add Class Member: Failed to add class member : Component C1 100UF25V
Add Class Member: Failed to add class member : Component C2 470UF25V
Add Class Member: Failed to add class member : Component C4 100UF25V
Added Member To Class: ClassName=DC_power Member=Component Con1 2pos
Added Member To Class: ClassName=DC_power Member=Component Con2 2pos
Added Member To Class: ClassName=DC_power Member=Component Con3 2pos
Added Member To Class: ClassName=300W Converter_main_HV Member=Component Con5 2pos
Add Class Member: Failed to add class member : Component R1 RES-0.5W-27R
Added Room: Name=300W Converter_main_HV
Added Room: Name=DC_power
