Change Footprint: Footprint Not Found Res_TH 3W
Change Component Footprint: Designator=R15 Old Footprint=RES-TH-7mm New Footprint=RES_TH 3W
Add Component: Footprint Not Found CAP LS-1.5mm D4 H5
Add Component: Footprint Not Found CAP LS-1.5mm D4 H5
Add Component: Footprint Not Found CAP LS-1.5mm D4 H5
Add Component: Footprint Not Found 2pos
Add Component: Footprint Not Found 2pos
Add Component: Footprint Not Found 2pos
Add Component: Footprint Not Found 2pos
Add Component: Footprint Not Found Res_TH 3W
Added Component: Designator=R16(RES_TH 3W)
Add Pin To Net: Unknown Pin: Pin C1-1
Add Pin To Net: Unknown Pin: Pin C1-2
Add Pin To Net: Unknown Pin: Pin C2-1
Add Pin To Net: Unknown Pin: Pin C2-2
Add Pin To Net: Unknown Pin: Pin C4-1
Add Pin To Net: Unknown Pin: Pin C4-2
Add Pin To Net: Unknown Pin: Pin Con1-1
Add Pin To Net: Unknown Pin: Pin Con1-2
Add Pin To Net: Unknown Pin: Pin Con2-1
Add Pin To Net: Unknown Pin: Pin Con2-2
Add Pin To Net: Unknown Pin: Pin Con3-1
Add Pin To Net: Unknown Pin: Pin Con3-2
Add Pin To Net: Unknown Pin: Pin Con5-1
Add Pin To Net: Unknown Pin: Pin Con5-2
Add Pin To Net: Unknown Pin: Pin R1-1
Add Pin To Net: Unknown Pin: Pin R1-2
Added Pin To Net: NetName=GND Pin=R16-1
Added Pin To Net: NetName=I_SENSE Pin=R16-2
Add Class Member: Failed to add class member : Component C1 100UF25V
Add Class Member: Failed to add class member : Component C2 470UF25V
Add Class Member: Failed to add class member : Component C4 100UF25V
Add Class Member: Failed to add class member : Component Con1 2pos
Add Class Member: Failed to add class member : Component Con2 2pos
Add Class Member: Failed to add class member : Component Con3 2pos
Add Class Member: Failed to add class member : Component Con5 2pos
Add Class Member: Failed to add class member : Component R1 RES-0.5W-27R
Added Member To Class: ClassName=300W Converter_main_HV Member=Component R16 RES-2W-1R
Added Room: Name=300W Converter_main_HV
Added Room: Name=DC_power
