Removed Pin From Net: NetName=PULSE_A_G Pin=D7-1
Removed Pin From Net: NetName=PULSE_B_G Pin=D14-1
Removed Pin From Net: NetName=D1 Pin=Q3-2
Removed Pin From Net: NetName=GND Pin=Q3-3
Removed Pin From Net: NetName=D2 Pin=Q6-2
Removed Pin From Net: NetName=GND Pin=Q6-3
Removed Pin From Net: NetName=PULSE_A_G Pin=R4-1
Removed Pin From Net: NetName=GND Pin=R6-2
Removed Pin From Net: NetName=PULSE_B_G Pin=R12-1
Removed Pin From Net: NetName=GND Pin=R15-2
Removed Member From Class: ClassName=300W Converter_main_HV Member=D13
Removed Member From Class: ClassName=300W Converter_main_HV Member=D14
Removed Member From Class: ClassName=300W Converter_main_HV Member=Q5
Removed Member From Class: ClassName=300W Converter_main_HV Member=Q6
Change Footprint: Footprint Not Found Res_TH 3W
Change Footprint: Footprint Not Found Res_TH 3W
Change Component Comment : Designator=R6 Old Comment=10K New Comment=RES-0.5W-27R
Change Component Comment : Designator=R15 Old Comment=10K New Comment=RES-2W-1R
Change Component Designator: OldDesignator=D8 NewDesignator=D7
Change Component Designator: OldDesignator=D9 NewDesignator=D8
Change Component Designator: OldDesignator=D10 NewDesignator=D9
Change Component Designator: OldDesignator=D11 NewDesignator=D10
Change Component Designator: OldDesignator=D12 NewDesignator=D11
Change Component Designator: OldDesignator=D13 NewDesignator=D12
Change Component Designator: OldDesignator=Q4 NewDesignator=Q3
Change Component Designator: OldDesignator=Q5 NewDesignator=Q4
Change Component Designator: OldDesignator=R5 NewDesignator=R4
Change Component Designator: OldDesignator=R7 NewDesignator=R5
Change Component Designator: OldDesignator=R9 NewDesignator=R7
Change Component Designator: OldDesignator=R10 NewDesignator=R8
Change Component Designator: OldDesignator=R11 NewDesignator=R9
Change Component Designator: OldDesignator=R13 NewDesignator=R10
Change Component Designator: OldDesignator=R14 NewDesignator=R11
Change Component Designator: OldDesignator=R16 NewDesignator=R12
Change Component Designator: OldDesignator=R17 NewDesignator=R13
Change Component Designator: OldDesignator=R21 NewDesignator=R17
Change Component Designator: OldDesignator=R22 NewDesignator=R18
Add Component: Footprint Not Found CAP LS-1.5mm D4 H5
Add Component: Footprint Not Found CAP LS-1.5mm D4 H5
Add Component: Footprint Not Found CAP LS-1.5mm D4 H5
Add Component: Footprint Not Found 2pos
Add Component: Footprint Not Found 2pos
Add Component: Footprint Not Found 2pos
Add Component: Footprint Not Found 2pos
Add Component: Footprint Not Found Res_TH 3W
Add Component: Footprint Not Found Res_TH 3W
Add Component: Footprint Not Found Res_TH 3W
Add Pin To Net: Unknown Pin: Pin C1-1
Add Pin To Net: Unknown Pin: Pin C1-2
Add Pin To Net: Unknown Pin: Pin C2-1
Add Pin To Net: Unknown Pin: Pin C2-2
Add Pin To Net: Unknown Pin: Pin C4-1
Add Pin To Net: Unknown Pin: Pin C4-2
Add Pin To Net: Unknown Pin: Pin Con1-1
Add Pin To Net: Unknown Pin: Pin Con1-2
Add Pin To Net: Unknown Pin: Pin Con2-1
Add Pin To Net: Unknown Pin: Pin Con2-2
Add Pin To Net: Unknown Pin: Pin Con3-1
Add Pin To Net: Unknown Pin: Pin Con3-2
Add Pin To Net: Unknown Pin: Pin Con5-1
Add Pin To Net: Unknown Pin: Pin Con5-2
Add Pin To Net: Unknown Pin: Pin R1-1
Add Pin To Net: Unknown Pin: Pin R1-2
Added Pin To Net: NetName=NetC8_2 Pin=R6-1
Added Pin To Net: NetName=VBATT Pin=R6-2
Add Pin To Net: Unknown Pin: Pin R14-1
Add Pin To Net: Unknown Pin: Pin R14-2
Added Pin To Net: NetName=GND Pin=R15-1
Added Pin To Net: NetName=I_SENSE Pin=R15-2
Add Pin To Net: Unknown Pin: Pin R16-1
Add Pin To Net: Unknown Pin: Pin R16-2
Change Net Name : Old Net Name=NetD8_C New Net Name=NetD7_C
Change Net Name : Old Net Name=NetD9_C New Net Name=NetD8_C
Change Net Name : Old Net Name=NetD10_C New Net Name=NetD9_C
Change Net Name : Old Net Name=NetD12_2 New Net Name=NetD11_2
Change Net Name : Old Net Name=NetD13_2 New Net Name=NetD12_2
Change Net Name : Old Net Name=NetR9_1 New Net Name=NetR7_1
Add Class Member: Failed to add class member : Component C1 100UF25V
Add Class Member: Failed to add class member : Component C2 470UF25V
Add Class Member: Failed to add class member : Component C4 100UF25V
Add Class Member: Failed to add class member : Component Con1 2pos
Add Class Member: Failed to add class member : Component Con2 2pos
Add Class Member: Failed to add class member : Component Con3 2pos
Add Class Member: Failed to add class member : Component Con5 2pos
Add Class Member: Failed to add class member : Component R1 RES-0.5W-27R
