Removed Pin From Net: NetName=GND1 Pin=C9-2
Removed Pin From Net: NetName=GND1 Pin=Con1-1
Removed Pin From Net: NetName=GND1 Pin=D7-A
Removed Pin From Net: NetName=GND1 Pin=D9-A
Removed Pin From Net: NetName=GND1 Pin=R20-1
Removed Pin From Net: NetName=GND1 Pin=R21-1
Removed Pin From Net: NetName=GND1 Pin=R22-1
Removed Pin From Net: NetName=GND1 Pin=R23-1
Removed Pin From Net: NetName=GND1 Pin=R27-1
Removed Pin From Net: NetName=GND1 Pin=u1-2
Change Net Name : Old Net Name=GND1 New Net Name=GND2
Added Pin To Net: NetName=GND1 Pin=C9-2
Added Pin To Net: NetName=GND1 Pin=Con1-1
Added Pin To Net: NetName=GND1 Pin=D7-A
Added Pin To Net: NetName=GND1 Pin=D9-A
Added Pin To Net: NetName=GND1 Pin=R20-1
Added Pin To Net: NetName=GND1 Pin=R21-1
Added Pin To Net: NetName=GND1 Pin=R22-1
Added Pin To Net: NetName=GND1 Pin=R23-1
Added Pin To Net: NetName=GND1 Pin=R27-1
Added Pin To Net: NetName=GND1 Pin=u1-2
Added Net: Name=GND1
Added Member To Class: ClassName=Sheet2 Member=Component Q3 IRF3205
